[www.awwwards.com/index.html]
[backblue.gif]
[fade.gif]
[index.html]
[assets.awwwards.com/assets/images/pages/about-certificates/awwwards.jpg]
[www.awwwards.com/apple-touch-icon.png]
[assets.awwwards.com/assets/redesign/css/home4be3.css]
[assets.awwwards.com/assets/redesign/css/element4be3.css]
[www.awwwards.com/assets/redesign/images/sprite-icons.svg]
[assets.awwwards.com/assets/redesign/images/header/search/featured/1.jpg]
[assets.awwwards.com/assets/redesign/images/header/search/featured/2.jpg]
[www.awwwards.com/websites/sites_of_the_day/index.html]
[assets.awwwards.com/assets/redesign/images/header/search/featured/3.jpg]
[www.awwwards.com/elements/index.html]
[www.awwwards.com/websites/index.html]
[assets.awwwards.com/assets/redesign/images/header/search/featured/4.jpg]
[www.awwwards.com/vote-for-site-of-the-month-april-2023.html]
[www.awwwards.com/academy/index.html]
[www.awwwards.com/websites/animation/index.html]
[www.awwwards.com/websites/portfolio/index.html]
[www.awwwards.com/terminal-27.html]
[www.awwwards.com/websites/404-pages/index.html]
[www.awwwards.com/bsmnt-foundry-not-your-average-fontshop.html]
[www.awwwards.com/websites/clean/index.html]
[www.awwwards.com/niccolo-miranda-interview.html]
[www.awwwards.com/pro.html]
[www.awwwards.com/sites/terraza-balear.html]
[www.awwwards.com/submit/index.html]
[assets.awwwards.com/awards/sites_of_the_day/2023/04/sotd-terraza-cover.jpg]
[www.awwwards.com/dgrees/index.html]
[assets.awwwards.com/awards/media/cache/thumb_user_70/avatar/391137/5dd550f4cb6a7016540098.png]
[www.awwwards.com/inspiration/menu-superhash.html]
[assets.awwwards.com/awards/media/cache/square_thumb_140/element/2023/04/643ef418394b0781618294_static.jpg]
[assets.awwwards.com/awards/media/cache/square_thumb_140/images/2023/05/sotm-april-2023-thumbnail.jpg]
[assets.awwwards.com/awards/media/cache/square_thumb_140/images/2023/04/t27-thumb.jpg]
[assets.awwwards.com/awards/media/cache/square_thumb_140/images/2023/04/bf-thumb.jpg]
[assets.awwwards.com/awards/media/cache/thumb_user_retina/avatar/244/5b057e17c66a7.jpg]
[assets.awwwards.com/awards/media/cache/thumb_user_retina/avatar/859872/61039d98bbfbd487359854.png]
[assets.awwwards.com/awards/media/cache/thumb_user_retina/avatar/519442/60869bdba1c98053853421.png]
[www.awwwards.com/fcinq/index.html]
[www.awwwards.com/WorkshopBuilt/index.html]
[assets.awwwards.com/awards/media/cache/thumb_user_retina/default/user6.jpg]
[www.awwwards.com/foginni/index.html]
[www.awwwards.com/BenStones/index.html]
[assets.awwwards.com/awards/642c26b2c453c4.33425089.png]
[assets.awwwards.com/awards/media/cache/thumb_60_45/submissions/2023/05/64512062b9bc7032834259.jpg]
[www.awwwards.com/market/index.html]
[www.awwwards.com/sites/espai-by-tambien.html]
[assets.awwwards.com/awards/media/cache/thumb_user_70/avatar/915055/62b030579f34e367793310.jpg]
[www.awwwards.com/websites/nominees/index.html]
[www.awwwards.com/También/index.html]
[www.awwwards.com/sites/time-to-meet-sam.html]
[assets.awwwards.com/awards/media/cache/thumb_user_70/avatar/1056271/63d008d25f996799772058.jpg]
[www.awwwards.com/samuel-siebler/index.html]
[www.awwwards.com/sites/mechant.html]
[assets.awwwards.com/awards/media/cache/thumb_user_70/avatar/187/5d84df1182ccd721337084.jpg]
[www.awwwards.com/ultranoir/index.html]
[www.awwwards.com/sites/valkyrae-store.html]
[assets.awwwards.com/awards/media/cache/thumb_user_70/avatar/859850/605b6514295ac618673960.png]
[www.awwwards.com/market/product_6454d687e5e60951544626.html]
[www.awwwards.com/basementstudio/index.html]
[www.awwwards.com/market/looking-glass-portrait.html]
[www.awwwards.com/market/product_644c350e6076e266457678.html]
[www.awwwards.com/market/ai-resources.html]
[www.awwwards.com/assets/redesign/images/sprite-stickers.svg]
[assets.awwwards.com/awards/media/cache/thumb_60_45/course/624ec6012e4be805354024.jpg]
[www.awwwards.com/academy/course/unleashing-your-best.html]
[www.awwwards.com/academy/course/building-an-immersive-creative-website-from-scratch-without-frameworks.html]
[assets.awwwards.com/awards/media/cache/academy_thumb/course/60d1ec9304e32783301759.jpg]
[assets.awwwards.com/awards/media/cache/academy_thumb/course/6082a01226b89219847516.jpg]
[www.awwwards.com/academy/course/create-award-winning-animation-and-interaction-design-in-webflow.html]
[assets.awwwards.com/awards/media/cache/academy_thumb/course/619f4b4794213339643255.jpg]
[www.awwwards.com/academy/course/creative-portfolios-a-powerful-visual-language-for-brands-online-course.html]
[www.awwwards.com/immersivegarden/index.html]
[assets.awwwards.com/awards/media/cache/thumb_user_retina/avatar/207/560d58029b7c5.jpg]
[assets.awwwards.com/awards/media/cache/thumb_440_330/submissions/2023/04/6441243b1dde7385395024.jpg]
[assets.awwwards.com/awards/media/cache/thumb_440_330/submissions/2023/04/643031ead8cd4599218801.jpg]
[assets.awwwards.com/awards/media/cache/thumb_440_330/submissions/2023/01/63d924f2e7db4270341652.jpg]
[assets.awwwards.com/awards/media/cache/thumb_440_330/submissions/2023/02/63ebc6e0d0c5f248746503.jpg]
[assets.awwwards.com/awards/media/cache/thumb_440_330/submissions/2023/01/63c197b22e3ad391897464.png]
[assets.awwwards.com/awards/media/cache/thumb_user_retina/avatar/196/547e36f11e834.png]
[assets.awwwards.com/awards/media/cache/thumb_440_330/submissions/2023/04/643e8b04767e4542913448.png]
[www.awwwards.com/hellomonday/index.html]
[assets.awwwards.com/awards/media/cache/thumb_440_330/submissions/2022/11/6386208a777d1274292086.jpg]
[assets.awwwards.com/awards/media/cache/thumb_440_330/submissions/2021/10/615edf4e7d631258761155.png]
[assets.awwwards.com/awards/media/cache/thumb_440_330/submissions/2021/07/60ddcc413ea60325819355.jpg]
[assets.awwwards.com/awards/media/cache/thumb_440_330/submissions/2021/04/60880906f166b133129897.jpg]
[assets.awwwards.com/awards/media/cache/thumb_user_retina/avatar/241/5cb9b0bcde06a872097776.jpg]
[assets.awwwards.com/awards/media/cache/thumb_440_330/submissions/2023/04/6435b992f2c59419976622.png]
[www.awwwards.com/dogstudio/index.html]
[assets.awwwards.com/awards/media/cache/thumb_440_330/submissions/2022/12/638e4a56e9d02048067957.jpg]
[assets.awwwards.com/awards/media/cache/thumb_440_330/submissions/2022/11/63852e0861e41143389035.jpg]
[assets.awwwards.com/awards/media/cache/thumb_440_330/submissions/2022/11/6385381fefaf6624288711.jpg]
[assets.awwwards.com/awards/media/cache/thumb_user_70/avatar/394575/56d5bad90370e.jpg]
[www.awwwards.com/Ruckus/index.html]
[assets.awwwards.com/awards/media/cache/thumb_user_70/avatar/1146610/60c6708b1aef5530497173.png]
[assets.awwwards.com/awards/media/cache/thumb_user_70/avatar/172554/5a68c0960378c.png]
[assets.awwwards.com/awards/media/cache/thumb_user_70/avatar/1054652/63e144f3abc3b551463121.png]
[www.awwwards.com/Refokus/index.html]
[assets.awwwards.com/awards/media/cache/thumb_60_45/element/2023/04/643ef418394b0781618294_static.jpg]
[www.awwwards.com/SpringSummer/index.html]
[www.awwwards.com/ScrumLaunch/index.html]
[assets.awwwards.com/awards/element/2023/04/643ef418394b0781618294_static.jpg]
[www.awwwards.com/directory/index.html]
[www.awwwards.com/inspiration/menu-ore-bespoke-diamond-jewelry.html]
[assets.awwwards.com/awards/element/2022/07/62dfab8108a8a429335314_static.jpg]
[www.awwwards.com/elements/menu/index.html]
[assets.awwwards.com/awards/element/2022/07/62cee0da2abb5089508076_static.jpg]
[www.awwwards.com/inspiration/minimal-menu-5.html]
[assets.awwwards.com/awards/external/2016/12/29-05-bolden-home-page-and-menu_static.jpg]
[www.awwwards.com/inspiration/full-screen-menu-bolden.html]
[assets.awwwards.com/awards/external/2016/12/29-05-bolden-home-page-and-menu.gif]
[assets.awwwards.com/awards/external/2021/04/608686d7a8636390917877.jpg]
[www.awwwards.com/inspiration/awd-agency-marquee-effect-on-hover.html]
[www.awwwards.com/awwwards/collections/image-gallery-and-slideshows/index.html]
[assets.awwwards.com/awards/images/2019/05/image-gallery-thumbnail.jpg]
[assets.awwwards.com/awards/media/cache/thumb_user_70/avatar/1737008/637130267bffd766385327.jpg]
[assets.awwwards.com/awards/media/cache/thumb_user_70/default/user1.jpg]
[assets.awwwards.com/awards/media/cache/thumb_user_70/avatar/6829/645313f1d1c83869302137.jpg]
[assets.awwwards.com/awards/images/2018/07/TRANSITIONS.jpg]
[assets.awwwards.com/awards/media/cache/thumb_user_70/default/user5.jpg]
[assets.awwwards.com/awards/media/cache/thumb_user_70/default/user2.jpg]
[www.awwwards.com/awwwards/collections/transitions/index.html]
[assets.awwwards.com/awards/images/2020/05/agency-portfolio_static.jpg]
[assets.awwwards.com/awards/media/cache/thumb_user_70/default/user4.jpg]
[assets.awwwards.com/awards/media/cache/thumb_user_70/default/user8.jpg]
[www.awwwards.com/awwwards/collections/agency-portfolios/index.html]
[assets.awwwards.com/awards/images/2021/08/footer-collection2.jpg]
[assets.awwwards.com/awards/media/cache/thumb_user_70/default/user3.jpg]
[www.awwwards.com/awwwards/collections/website-footer-design-best-practices/index.html]
[assets.awwwards.com/awards/element/2023/04/642c15f358bdc223917212_static.jpeg]
[assets.awwwards.com/awards/images/2020/05/filters-effects-collection_static.jpg]
[www.awwwards.com/awwwards/collections/css-js-animations/index.html]
[assets.awwwards.com/awards/media/cache/thumb_user_70/default/user6.jpg]
[assets.awwwards.com/awards/images/2021/04/thumb-collection-maps.jpg]
[www.awwwards.com/awwwards/collections/filters-and-effects/index.html]
[assets.awwwards.com/awards/element/2023/04/642b7fba4a25f970214771_static.jpeg]
[assets.awwwards.com/awards/media/cache/thumb_user_70/default/user7.jpg]
[www.awwwards.com/awwwards/collections/maps-geolocation-streetview/index.html]
[assets.awwwards.com/assets/redesign/images/pages/home/submit.jpg]
[www.awwwards.com/awwwards/collections/minigames-playful-interactions/index.html]
[assets.awwwards.com/assets/redesign/images/pages/home/member.jpg]
[www.awwwards.com/faqs/index.html]
[www.awwwards.com/plans/user-plans.html]
[assets.awwwards.com/dist/js/runtime.c48e36a3.js]
[www.awwwards.com/websites/sites_of_the_month/index.html]
[assets.awwwards.com/dist/js/5716.c55047d2.js]
[www.awwwards.com/collections/index.html]
[www.awwwards.com/masterclasses/index.html]
[www.awwwards.com/directory/homepage/index.html]
[www.awwwards.com/directory/freelance/index.html]
[assets.awwwards.com/dist/js/188.dad6a95d.js]
[www.awwwards.com/blog/index.html]
[www.awwwards.com/directory/international/index.html]
[www.awwwards.com/directory/agency-studio/index.html]
[www.awwwards.com/jobs/index.html]
[assets.awwwards.com/dist/js/9755.25e16d97.js]
[www.awwwards.com/official-jury/index.html]
[www.awwwards.com/collections/search/index.html]
[www.awwwards.com/jobs/search/index.html]
[www.awwwards.com/directory/search/index.html]
[www.awwwards.com/about-us/index.html]
[assets.awwwards.com/dist/js/9092.79e24696.js]
[www.awwwards.com/contact-us/index.html]
[www.awwwards.com/cookies-policy/index.html]
[assets.awwwards.com/dist/js/2351.de0f362e.js]
[www.awwwards.com/terms/index.html]
[www.awwwards.com/privacy-policy/index.html]
[assets.awwwards.com/dist/js/home_homepage.bbb2ce82.js]
[assets.awwwards.com/dist/js/9805.3019f3fa.js]
[www.google.com/recaptcha/apid3bf.js]
[www.awwwards.com/index.html]
[www.googletagmanager.com/gtm5445.html]
[assets.awwwards.com/assets/redesign/css/home4be3.css]
[assets.awwwards.com/assets/redesign/css/element4be3.css]
[www.awwwards.com/assets/redesign/images/sprite-icons.svg]
[www.awwwards.com/sites/prepare-to-pioneer.html]
[assets.awwwards.com/awards/media/cache/thumb_user_70/avatar/241/5cb9b0bcde06a872097776.jpg]
[www.awwwards.com/sites/chrome-pit-crew.html]
[assets.awwwards.com/awards/media/cache/thumb_user_70/avatar/1876041/641a766c3e817575637235.png]
[www.awwwards.com/Buttermax/index.html]
[www.awwwards.com/sites/olga-prudka.html]
[www.awwwards.com/obys/index.html]
[assets.awwwards.com/awards/media/cache/thumb_user_70/avatar/762039/5cfa1bb7c9d96918028143.jpg]
[assets.awwwards.com/awards/media/cache/thumb_user_70/avatar/782182/64268539671b2944839189.png]
[www.awwwards.com/sites/m-csaatchi-abel.html]
[www.awwwards.com/Malvah.Studio/index.html]
[www.awwwards.com/sites/studiogusto-r.html]
[assets.awwwards.com/awards/media/cache/thumb_user_70/avatar/73248/62a7462511e98010684042.png]
[www.awwwards.com/studiogusto/index.html]
[www.awwwards.com/sites/msi-egg-hunt.html]
[www.awwwards.com/Merci-Michel/index.html]
[assets.awwwards.com/awards/media/cache/thumb_user_70/avatar/250950/538c4ed159b91.jpg]
[www.awwwards.com/sites/edifis.html]
[assets.awwwards.com/awards/media/cache/thumb_user_70/avatar/1878066/63ed0b4113794173116562.jpg]
[www.awwwards.com/tuxcreative/index.html]
[www.awwwards.com/sites/cylndr-seoul.html]
[www.awwwards.com/CYLNDR/index.html]
[assets.awwwards.com/awards/media/cache/thumb_user_70/avatar/1853184/63e21076a7517957957783.png]
[www.awwwards.com/sites/cartier-watches-and-wonders.html]
[assets.awwwards.com/awards/media/cache/thumb_user_70/avatar/207/560d58029b7c5.jpg]
[www.awwwards.com/sites/exploring-prespa.html]
[assets.awwwards.com/awards/media/cache/thumb_user_70/avatar/760673/5f785a3ce7ce0149974283.png]
[www.awwwards.com/nomatter/index.html]
[www.awwwards.com/sites/darc-room.html]
[www.awwwards.com/bornfight_studio/index.html]
[assets.awwwards.com/awards/media/cache/thumb_user_70/avatar/241507/6431b78264d80182631813.jpg]
[www.awwwards.com/sites/manon-jouet-portfolio.html]
[assets.awwwards.com/awards/media/cache/thumb_user_70/avatar/571406/5df75b2e4f320664128107.jpg]
[www.awwwards.com/manonjouet/index.html]
[www.awwwards.com/sites/kora-living.html]
[assets.awwwards.com/awards/media/cache/thumb_user_70/avatar/495220/58fa228413418.png]
[www.awwwards.com/Cuchillo/index.html]
[www.awwwards.com/sites/missjourney.html]
[assets.awwwards.com/awards/media/cache/thumb_user_70/avatar/240283/6406015b7a41c760562657.png]
[www.awwwards.com/Born05/index.html]
[www.awwwards.com/sites/surya-aditya.html]
[www.awwwards.com/brianstefans/index.html]
[assets.awwwards.com/awards/media/cache/thumb_user_70/avatar/1344170/620a3b90946d7678780133.png]
[assets.awwwards.com/awards/media/cache/thumb_user_70/avatar/1676332/63779a7a6cc1a823453283.jpg]
[www.awwwards.com/sites/okcc-labs.html]
[www.awwwards.com/sites/sturdy-2.html]
[assets.awwwards.com/awards/media/cache/thumb_user_70/avatar/1581926/62debf3c4ae0d136035626.jpg]
[www.awwwards.com/leoleo/index.html]
[www.awwwards.com/fixdotstudio/index.html]
[www.awwwards.com/sites/type-one-ventures.html]
[assets.awwwards.com/awards/media/cache/thumb_user_70/avatar/1855581/63d4a0ec18a23965638259.png]
[www.awwwards.com/staffonly/index.html]
[www.awwwards.com/sites/ovechkin800.html]
[assets.awwwards.com/awards/media/cache/thumb_user_70/avatar/1819286/63b2a8dd6b7cb776666165.png]
[www.awwwards.com/28K/index.html]
[www.awwwards.com/sites/bownds-ranches-1.html]
[assets.awwwards.com/awards/media/cache/thumb_user_70/avatar/874207/5f695dd64a5ac458907926.png]
[www.awwwards.com/NightjarStudio/index.html]
[www.awwwards.com/sites/silencio-digital-products.html]
[assets.awwwards.com/awards/media/cache/thumb_user_70/avatar/972939/64259bafccaae894217703.png]
[www.awwwards.com/silencio/index.html]
[www.awwwards.com/sites/offficestud-io.html]
[assets.awwwards.com/awards/media/cache/thumb_user_70/avatar/789240/615626f1986e1637569096.jpg]
[www.awwwards.com/fvalla/index.html]
[www.awwwards.com/sites/diko-1.html]
[www.awwwards.com/sites/lightship.html]
[assets.awwwards.com/awards/media/cache/thumb_user_70/avatar/210282/63ed37786785b945341395.jpg]
[www.awwwards.com/locomotive/index.html]
[www.awwwards.com/sites/aanstekelijk-creative-agency.html]
[assets.awwwards.com/awards/media/cache/thumb_user_70/avatar/589090/6215f86f05753937552452.jpg]
[www.awwwards.com/dennissnellenberg/index.html]
[www.awwwards.com/sites/upperquad-1.html]
[assets.awwwards.com/awards/media/cache/thumb_user_70/avatar/65099/58afd2943bbac.png]
[www.awwwards.com/upperquad/index.html]
[www.awwwards.com/sites/two-authenticators.html]
[www.awwwards.com/sites/aino-1.html]
[www.awwwards.com/aino/index.html]
[assets.awwwards.com/awards/media/cache/thumb_user_70/avatar/731664/63cee029eec7f617502420.png]
[www.awwwards.com/sites/tore-s-bentsen-portfolio.html]
[assets.awwwards.com/awards/media/cache/thumb_user_70/avatar/332792/6212211536e0d021103324.jpg]
[www.awwwards.com/torebentsen/index.html]
[www.awwwards.com/sites/cuberto-hello.html]
[www.awwwards.com/cuberto/index.html]
[assets.awwwards.com/awards/media/cache/thumb_user_70/avatar/81472/5c1cfff80e4b2.png]
[www.awwwards.com/websites/sites_of_the_day/index9ba9.html]
[www.awwwards.com/websites/sites_of_the_day/indexfdb0.html]
[www.awwwards.com/websites/sites_of_the_day/index4658.html]
[www.awwwards.com/websites/sites_of_the_day/indexaf4d.html]
[www.awwwards.com/websites/sites_of_the_year/index.html]
[www.awwwards.com/websites/developer/index.html]
[www.awwwards.com/websites/mobile_excellence/index.html]
[www.awwwards.com/websites/honorable/index.html]
[www.awwwards.com/websites/indexaafc.html]
[www.awwwards.com/websites/index7958.html]
[www.awwwards.com/websites/indexb994.html]
[www.awwwards.com/websites/indexb622.html]
[www.awwwards.com/websites/indexa22a.html]
[www.awwwards.com/websites/indexe31f.html]
[www.awwwards.com/websites/index286f.html]
[www.awwwards.com/websites/index46b9.html]
[www.awwwards.com/websites/index4484.html]
[www.awwwards.com/websites/index653e.html]
[www.awwwards.com/websites/indexe8e0.html]
[www.awwwards.com/websites/index129b.html]
[www.awwwards.com/websites/indexbd62.html]
[www.awwwards.com/websites/index6d95.html]
[www.awwwards.com/websites/index95ba.html]
[www.awwwards.com/websites/index673d.html]
[www.awwwards.com/websites/index479a.html]
[www.awwwards.com/websites/index6367.html]
[www.awwwards.com/websites/index4cd1.html]
[www.awwwards.com/websites/index8417.html]
[www.awwwards.com/websites/index3a3d.html]
[www.awwwards.com/websites/indexd712.html]
[www.awwwards.com/websites/index1c6b.html]
[www.awwwards.com/websites/index69d0.html]
[www.awwwards.com/websites/index75de.html]
[www.awwwards.com/websites/index3841.html]
[www.awwwards.com/websites/index28a5.html]
[www.awwwards.com/websites/index716f.html]
[www.awwwards.com/websites/index233c.html]
[www.awwwards.com/websites/index09ef.html]
[www.awwwards.com/websites/index971b.html]
[www.awwwards.com/websites/index8815.html]
[www.awwwards.com/websites/sites_of_the_day/index.html]
[assets.awwwards.com/dist/js/redesign_grid.56d138e4.js]
[www.awwwards.com/websites/indexf23d.html]
[www.awwwards.com/websites/index491e.html]
[www.awwwards.com/websites/indexf0ff.html]
[www.awwwards.com/websites/index036b.html]
[www.awwwards.com/websites/indexb85f.html]
[www.awwwards.com/websites/index6f98.html]
[www.awwwards.com/sites/kirlian.html]
[www.awwwards.com/websites/index8f47.html]
[www.awwwards.com/websites/index8c3d.html]
[www.awwwards.com/websites/index6012.html]
[www.awwwards.com/websites/index3f34.html]
[www.awwwards.com/websites/indexd2c9.html]
[www.awwwards.com/websites/indexb457.html]
[www.awwwards.com/websites/indexa750.html]
[www.awwwards.com/websites/indexfd1a.html]
[www.awwwards.com/websites/index47c7.html]
[www.awwwards.com/websites/indexd984.html]
[assets.awwwards.com/awards/media/cache/thumb_user_70/avatar/82337/635297dcc5b07429502969.jpg]
[www.awwwards.com/websites/index3ce8.html]
[www.awwwards.com/websites/index28dd.html]
[www.awwwards.com/websites/indexc0c7.html]
[www.awwwards.com/websites/indexe2ec.html]
[www.awwwards.com/sites/natascha-vavrina.html]
[www.awwwards.com/websites/indexf0dc.html]
[www.awwwards.com/websites/index6427.html]
[www.awwwards.com/websites/index5fa3.html]
[www.awwwards.com/websites/indexe6a1.html]
[www.awwwards.com/websites/index231b.html]
[www.awwwards.com/websites/index7011.html]
[www.awwwards.com/websites/index247a.html]
[www.awwwards.com/websites/indexf2c7.html]
[www.awwwards.com/websites/index634a.html]
[www.awwwards.com/websites/index074f.html]
[www.awwwards.com/websites/indexb0e0.html]
[www.awwwards.com/websites/indexda2a.html]
[www.awwwards.com/websites/index2c02.html]
[www.awwwards.com/websites/index9d2d.html]
[www.awwwards.com/websites/index99d5.html]
[www.awwwards.com/websites/index08b5.html]
[assets.awwwards.com/awards/media/cache/thumb_user_70/avatar/468087/636cc8d921420776909101.jpg]
[www.awwwards.com/websites/index32b4.html]
[www.awwwards.com/websites/index2f14.html]
[www.awwwards.com/websites/index0738.html]
[www.awwwards.com/websites/indexf5e8.html]
[www.awwwards.com/websites/index5242.html]
[www.awwwards.com/sites/women-x-willa.html]
[www.awwwards.com/websites/indexb0d9.html]
[www.awwwards.com/websites/indexb42e.html]
[www.awwwards.com/websites/indexf98d.html]
[www.awwwards.com/websites/index22d3.html]
[www.awwwards.com/websites/indexaf67.html]
[assets.awwwards.com/awards/media/cache/thumb_user_70/avatar/1110800/6257067fe11a6066444669.jpg]
[www.awwwards.com/websites/index4276.html]
[www.awwwards.com/websites/index812d.html]
[www.awwwards.com/websites/indexd23c.html]
[www.awwwards.com/websites/index5317.html]
[www.awwwards.com/websites/index6406.html]
[www.awwwards.com/sites/noisy-neighbor-1.html]
[www.awwwards.com/websites/indexe28d.html]
[www.awwwards.com/websites/index0ce6.html]
[www.awwwards.com/websites/index8c80.html]
[www.awwwards.com/websites/index1896.html]
[www.awwwards.com/websites/indexb7c1.html]
[www.awwwards.com/websites/indexd288.html]
[www.awwwards.com/websites/index8ff5.html]
[www.awwwards.com/websites/indexce44.html]
[www.awwwards.com/websites/indexee82.html]
[www.awwwards.com/websites/index8876.html]
[www.awwwards.com/websites/index5e21.html]
[www.awwwards.com/websites/index9505.html]
[www.awwwards.com/websites/indexe19e.html]
[www.awwwards.com/websites/indexd8c2.html]
[www.awwwards.com/websites/indexfc3a.html]
[www.awwwards.com/websites/index28c9.html]
[www.awwwards.com/websites/index80dc.html]
[www.awwwards.com/websites/index7b85.html]
[www.awwwards.com/websites/index9835.html]
[www.awwwards.com/websites/indexc340.html]
[www.awwwards.com/websites/indexd404.html]
[www.awwwards.com/websites/indexc903.html]
[www.awwwards.com/websites/indexe571.html]
[assets.awwwards.com/awards/media/cache/thumb_user_70/avatar/584641/5d00c52906e4b586265909.png]
[www.awwwards.com/websites/indexce8b.html]
[www.awwwards.com/websites/indexe48d.html]
[www.awwwards.com/websites/index19bf.html]
[www.awwwards.com/sites/unable-agency-website.html]
[www.awwwards.com/websites/index7c48.html]
[www.awwwards.com/websites/indexbfdd.html]
[www.awwwards.com/websites/index42f5.html]
[www.awwwards.com/websites/index2537.html]
[www.awwwards.com/websites/index5fbf.html]
[www.awwwards.com/websites/indexcf5c.html]
[assets.awwwards.com/awards/media/cache/thumb_user_70/avatar/2010123/6409e73742487729005892.png]
[www.awwwards.com/websites/indexbe4c.html]
[www.awwwards.com/websites/index92a0.html]
[www.awwwards.com/websites/indexebee.html]
[www.awwwards.com/websites/index9759.html]
[www.awwwards.com/websites/index8170.html]
[www.awwwards.com/sites/bruce-mau-design.html]
[www.awwwards.com/websites/index5d45.html]
[www.awwwards.com/websites/indexc18f.html]
[www.awwwards.com/websites/index69ee.html]
[assets.awwwards.com/awards/media/cache/thumb_user_70/avatar/1036643/602189cc80e66996054082.jpg]
[www.awwwards.com/websites/index1f2b.html]
[www.awwwards.com/websites/indexe67a.html]
[www.awwwards.com/websites/indexd0c3.html]
[www.awwwards.com/sites/room-8-group.html]
[www.awwwards.com/websites/indexfd9c.html]
[www.awwwards.com/websites/indexdda2.html]
[www.awwwards.com/websites/index49e1.html]
[www.awwwards.com/websites/index3457.html]
[www.awwwards.com/websites/indexdcc8.html]
[www.awwwards.com/websites/index24eb.html]
[www.awwwards.com/websites/index86c5.html]
[www.awwwards.com/websites/indexc9d5.html]
[www.awwwards.com/websites/index3e4d.html]
[www.awwwards.com/websites/index2c10.html]
[www.awwwards.com/websites/indexcf44.html]
[www.awwwards.com/websites/index0dee.html]
[www.awwwards.com/websites/indexc27c.html]
[www.awwwards.com/websites/indexe7c6.html]
[www.awwwards.com/websites/indexe421.html]
[www.awwwards.com/websites/index1cc9.html]
[www.awwwards.com/websites/indexe6dc.html]
[www.awwwards.com/websites/indexb0ef.html]
[www.awwwards.com/websites/index7e08.html]
[www.awwwards.com/websites/indexa6ee.html]
[www.awwwards.com/websites/index5caf.html]
[www.awwwards.com/websites/indexca83.html]
[assets.awwwards.com/awards/media/cache/thumb_user_70/avatar/1340168/62eabaed434a9514533947.png]
[www.awwwards.com/websites/indexd4d1.html]
[www.awwwards.com/websites/index7cd9.html]
[www.awwwards.com/websites/index910c.html]
[www.awwwards.com/websites/indexfad7.html]
[www.awwwards.com/websites/index7419.html]
[www.awwwards.com/websites/index18d9.html]
[www.awwwards.com/sites/dr-eftychia-papagianni.html]
[www.awwwards.com/websites/indexb2f7.html]
[assets.awwwards.com/awards/media/cache/thumb_user_70/avatar/612259/5b3b79094c397.jpg]
[www.awwwards.com/websites/index405d.html]
[www.awwwards.com/websites/indexf2f0.html]
[www.awwwards.com/websites/index721a.html]
[www.awwwards.com/sites/the-encyclawpedia-dictatia.html]
[www.awwwards.com/websites/indexe2c0.html]
[www.awwwards.com/websites/index6618.html]
[www.awwwards.com/websites/indexc3aa.html]
[www.awwwards.com/sites/fregg-by-kairos.html]
[www.awwwards.com/websites/index996a.html]
[www.awwwards.com/websites/indexb500.html]
[www.awwwards.com/websites/index0c10.html]
[www.awwwards.com/sites/guidance.html]
[www.awwwards.com/websites/index9271.html]
[www.awwwards.com/websites/index5de2.html]
[www.awwwards.com/websites/index0b5a.html]
[www.awwwards.com/websites/indexcc33.html]
[www.awwwards.com/websites/indexa45c.html]
[www.awwwards.com/websites/index6a27.html]
[www.awwwards.com/websites/index76d7.html]
[assets.awwwards.com/awards/media/cache/thumb_user_70/avatar/204179/52aebce6538dc.jpg]
[www.awwwards.com/websites/indexbd4e.html]
[www.awwwards.com/websites/index5f61.html]
[www.awwwards.com/websites/indexdc79.html]
[www.awwwards.com/sites/endomag.html]
[www.awwwards.com/websites/indexb4ca.html]
[www.awwwards.com/websites/indexe944.html]
[www.awwwards.com/websites/indexe24f.html]
[assets.awwwards.com/awards/media/cache/thumb_user_70/avatar/270/54d8fcb9498d3.jpg]
[www.awwwards.com/websites/index2894.html]
[www.awwwards.com/websites/indexd7f3.html]
[www.awwwards.com/websites/index5c58.html]
[www.awwwards.com/websites/indexb623.html]
[www.awwwards.com/websites/index9d87.html]
[www.awwwards.com/sites/museo-luxardo.html]
[www.awwwards.com/websites/indexe61a.html]
[www.awwwards.com/websites/indexc4d9.html]
[www.awwwards.com/websites/indexfaf0.html]
[www.awwwards.com/sites/kirkstall-brewery-the-bridge.html]
[www.awwwards.com/websites/indexb1bc.html]
[www.awwwards.com/websites/index8a62.html]
[www.awwwards.com/websites/indexd785.html]
[assets.awwwards.com/awards/media/cache/thumb_user_70/avatar/506761/634550866e756368847471.png]
[www.awwwards.com/websites/indexf7c0.html]
[www.awwwards.com/websites/indexd47f.html]
[www.awwwards.com/websites/index69da.html]
[www.awwwards.com/websites/indexcfeb.html]
[www.awwwards.com/sites/answer-hunger-with-hope.html]
[www.awwwards.com/websites/index977b.html]
[www.awwwards.com/websites/indexae14.html]
[www.awwwards.com/websites/index7be6.html]
[www.awwwards.com/websites/index4755.html]
[www.awwwards.com/websites/index1b18.html]
[www.awwwards.com/websites/indexd043.html]
[www.awwwards.com/websites/indexd041.html]
[assets.awwwards.com/awards/media/cache/thumb_user_70/avatar/969232/634ca2c675238156899112.png]
[www.awwwards.com/websites/index97f0.html]
[www.awwwards.com/websites/index.html]
[www.awwwards.com/elements/index.html]
[www.awwwards.com/academy/index.html]
[www.awwwards.com/websites/animation/index.html]
[www.awwwards.com/websites/portfolio/index.html]
[www.awwwards.com/websites/index914a.html]
